gavrasm Gerd's AVR assembler version 4.9 (C)2020 by DG4FAC
----------------------------------------------------------
Source file: main.asm
Hex file:    main.hex
Eeprom file: main.eep
Compiled:    23.05.2021, 17:21:47
Pass:        2
     1: ;======OLED Screen on SSD1306====
     2: .device ATmega328P
     3: .include "headers.inc"
  Including file headers.inc
     1: 
     2: .def   temp       = R16
     3: .def   graph_data = R20
     4: .def   temp1      = R21
     5: .def   temp2      = R22
     6: .def   temp3      = R23
     7: ;.equ   time       = (16000000/     
     8: .MACRO Initialization
     9:           ldi     temp,   HIGH(RAMEND)
    10:           out     SPH,    temp
    11: 		ldi     temp,   LOW(RAMEND)
    12: 		out     SPL,    temp
    13: 		;-------I2C init
    14: 		ldi     temp,   0x0C
    15: 		sts     TWBR,   temp
    16:           ldi     temp,   0x00
    17: 		sts     TWSR,   temp
    18:           ;-------UART init
    19: 		clr     temp
    20: 		sts     UBRR0H, temp
    21: 		ldi     temp,   0x67
    22: 		sts     UBRR0L,  temp
    23: 		ldi     temp,   1<<TXEN0
    24: 		sts     UCSR0B, temp     
    25: .ENDMACRO 
    26: 
    27: .MACRO SendStart
    28:           ldi     temp,   1<<TWEN | 1<<TWINT | 1<<TWSTA
    29: 		sts     TWCR,   temp
    30:           rcall   wait 
    31: .ENDMACRO      
    32: 
    33: .MACRO  SendSLAW
    34:           ldi     temp,   @0 
    35: 		sts     TWDR,   temp
    36: 		ldi     temp,   1<<TWEN | 1<<TWINT
    37: 		sts     TWCR,   temp
    38: 		rcall   wait	   
    39: .ENDMACRO          
    40: 		  
    41: 
    42: .MACRO  SendCommand
    43:           ldi     temp,   0x80
    44: 		sts     TWDR,   temp
    45: 		ldi     temp,   1<<TWEN | 1<<TWINT
    46: 		sts     TWCR,   temp
    47:           rcall   wait 
    48: 		ldi     temp,   @0
    49: 		sts     TWDR,   temp
    50: 		ldi     temp,   1<<TWEN | 1<<TWINT
    51: 		sts     TWCR,   temp
    52: 		rcall   wait
    53: .ENDMACRO
    54: 
    55:  .MACRO SendStop
    56:           ldi     temp,   1<<TWEN | 1<<TWINT | 1<<TWSTO
    57: 		sts     TWCR,   temp
    58:           rcall   wait 
    59: .ENDMACRO  
    60: 
    61: .MACRO ClearScreen
    62:           ldi     temp,   1<<TWEN | 1<<TWINT | 1<<TWSTA
    63: 		sts     TWCR,   temp
    64:           rcall   wait
    65: 		ldi     temp,   @0 
    66: 		sts     TWDR,   temp
    67: 		ldi     temp,   1<<TWEN | 1<<TWINT
    68: 		sts     TWCR,   temp
    69: 		call   wait
    70: 
    71: 		ldi     r18,    9             ; Set pages x = x-1. To set 8 pages you should set 9 e.g.
    72: send1:    dec     r18
    73:           breq    proceed
    74:           ldi     r19,    129
    75: lp1:	     dec     r19
    76:         breq    send1
    77:         ldi     temp,   0xC0
    78: 		sts     TWDR,   temp
    79: 		ldi     temp,   1<<TWEN | 1<<TWINT 
    80: 		sts     TWCR,   temp
    81:           rcall wait
    82: 		ldi     temp,   0x00
    83: 		sts     TWDR,   temp
    84: 		ldi     temp,   1<<TWEN | 1<<TWINT 
    85: 		sts     TWCR,   temp
    86: 		rcall wait
    87: 		rjmp    lp1
    88:                  
    89: .ENDMACRO           
  Continuing file main.asm
     4: 
     5: 		.cseg
     6:           
     7: init:   Initialization
     8: 		SendStart
     9:         SendSLAW 0x78
    10: 		;-----Initialization of display
    11: 		SendCommand  0xA8          ;Set MUX ratio 3F
    12: 		SendCommand  0x3F
    13: 		SendCommand  0xD3          ;Set display offset
    14: 		SendCommand  0x00
    15:         SendCommand  0x40          ;Display start line 40-7F
    16: 		SendCommand  0xA0          ;Set Segment Re-map
    17: 		SendCommand  0xC0          ;Set COM port output Scan detection
    18: 		SendCommand  0xDA          ;Set COM Pins Hardware Configuration
    19: 		SendCommand  0x12
    20: 		SendCommand  0x81          ;Set contrast control 00-FF
    21: 	    SendCommand  0xFF
    22: 		SendCommand  0xA4          ;Entire display ON
    23: 		SendCommand  0xA6          ;Set normal inverse display
    24: 		SendCommand  0xD5          ;Set display clock divide ratio/Oscillator frequency
    25: 		SendCommand  0x80
    26: 		SendCommand  0x8D          ;Charge pump command table
    27: 		SendCommand  0x14
    28: 		
    29: 		SendCommand  0x20;       
    30: 		SendCommand  0x00
    31: 		SendCommand  0x21;
    32: 		SendCommand  0x00
    33: 		SendCommand  0x7F
    34: 		SendCommand  0x22;
    35: 		SendCommand  0x00
    36: 		SendCommand  0x07
    37:           
    38: 		SendCommand  0xAF
    39: 		;------Send DATA AND  !!!DON'T SEND STOP!!! IT WON'T WORK!!!
    40: 		ClearScreen 0x78
    41: proceed:
    42: animation:
    43: 0001AB   E072  ldi     R23,    2
    44: 
    45: 0001AC   3070  cpi     R23,    0
    46: 0001AD   F141  breq    END		
    47: 0001AE   957A  dec     R23
    48: 0001AF   E0FB  ldi     ZH,     high(array<<1)
    49: 0001B0   EDE6  ldi     ZL,     low(array<<1)
    50: 0001B1   91A5  lpm     R26,    Z+
    51: 0001B2   91B4  lpm     R27,    Z
    52: 0001B3   2FFB  mov     ZH,     R27
    53: 0001B4   2FEA  mov     ZL,     R26
    54: 0001B5   D02A  rcall delay
    55: send_data:          
    56:         SendStart
    57: 		SendSLAW 0x78
    58: 0001C1   E029  ldi     r18,    9         ; Set pages x = x-1. To set 8 pages you should set 9 e.g.
    59: 0001C2   952A  dec     r18
    60: 0001C3   F339  breq    animation
    61: 0001C4   E831  ldi     r19,    129
    62: 0001C5   953A  dec     r19
    63: 0001C6   F3D9  breq    send
    64: 0001C7   EC00  ldi     temp,   0xC0
    65: 0001C8   9300  sts     TWDR,   temp
        0001C9   00BB
    66: 0001CA   E804  ldi     temp,   1<<TWEN | 1<<TWINT 
    67: 0001CB   9300  sts     TWCR,   temp
        0001CC   00BC
    68: 0001CD   D009  rcall wait
    69: 0001CE   9105  lpm     temp,   Z+
    70: 0001CF   9300  sts     TWDR,   temp
        0001D0   00BB
    71: 0001D1   E804  ldi     temp,   1<<TWEN | 1<<TWINT 
    72: 0001D2   9300  sts     TWCR,   temp
        0001D3   00BC
    73: 0001D4   D002  rcall wait
    74: 0001D5   CFEF  rjmp    lp
    75: 		  	      
    76: 
    77: 0001D6   CFFF  rjmp  END
    78: 
    79: 
    80: 
    81:         
    82: 0001D7   9100  lds     temp,   TWCR
        0001D8   00BC
    83: 0001D9   FF07  sbrs    temp,   TWINT
    84: 0001DA   CFFC  rjmp    wait
    85: 0001DB   9100  lds     temp,   TWSR 
        0001DC   00B9
    86: 0001DD   9300  sts     UDR0,   temp
        0001DE   00C6
    87: 0001DF   9508  ret
    88: 		  
    89: 		   
    90: 0001E0   E057  ldi     temp1,  7
    91: 0001E1   955A  dec     temp1
    92: 0001E2   F039  breq    exit
    93: 0001E3   EF6F  ldi     temp2,  255
    94: 0001E4   956A  dec     temp2
    95: 0001E5   F3D9  breq    lp0
    96: 0001E6   EF7F  ldi     temp3,  255
    97: 0001E7   957A  dec     temp3 
    98: 0001E8   F3D9  breq    lp2
    99: 0001E9   CFFD  rjmp    lp3
   100: 0001EA   9508  ret 
   101: .include "Graphical_data.inc"		 
  Including file Graphical_data.inc
     1: 
     2: mario: 
     3: .db 0xff, 0xff, 0xff, 0xff, 0xff, 0xff, 0xff, 0xff, 0xff, 0xff, 0xff, 0xff, 0xff, 0xff, 0xff, 0xff 
        0001EB FFFF FFFF FFFF FFFF
        0001EF FFFF FFFF FFFF FFFF
     4: .db 0xff, 0xff, 0xff, 0xff, 0xff, 0xff, 0xff, 0xff, 0xff, 0xff, 0xff, 0xff, 0xff, 0xff, 0xff, 0xff 
        0001F3 FFFF FFFF FFFF FFFF
        0001F7 FFFF FFFF FFFF FFFF
     5: .db 0xff, 0xff, 0xff, 0xff, 0xff, 0xff, 0xff, 0xff, 0xff, 0xff, 0xff, 0xff, 0xff, 0xff, 0xff, 0xff 
        0001FB FFFF FFFF FFFF FFFF
        0001FF FFFF FFFF FFFF FFFF
     6: .db 0xff, 0xff, 0xff, 0xff, 0xff, 0xff, 0xff, 0xff, 0xff, 0xff, 0xff, 0xff, 0xff, 0xff, 0xff, 0xff
        000203 FFFF FFFF FFFF FFFF
        000207 FFFF FFFF FFFF FFFF
     7: .db 0xff, 0xff, 0xff, 0xff, 0xff, 0xff, 0xff, 0xff, 0xff, 0xff, 0xff, 0xff, 0xff, 0xff, 0xff, 0xff
        00020B FFFF FFFF FFFF FFFF
        00020F FFFF FFFF FFFF FFFF
     8: .db 0xff, 0xff, 0xff, 0xff, 0xff, 0xff, 0xff, 0xff, 0xff, 0xff, 0xff, 0xff, 0xff, 0xff, 0xff, 0xff 
        000213 FFFF FFFF FFFF FFFF
        000217 FFFF FFFF FFFF FFFF
     9: .db 0xff, 0xff, 0xff, 0xff, 0xff, 0xff, 0xff, 0xff, 0xff, 0xff, 0xff, 0xff, 0xff, 0xff, 0xff, 0xff 
        00021B FFFF FFFF FFFF FFFF
        00021F FFFF FFFF FFFF FFFF
    10: .db 0xff, 0xff, 0xff, 0xff, 0xff, 0xff, 0xff, 0xff, 0xff, 0xff, 0xff, 0xff, 0xff, 0xff, 0xff, 0xff 
        000223 FFFF FFFF FFFF FFFF
        000227 FFFF FFFF FFFF FFFF
    11: .db 0xff, 0xff, 0xff, 0xff, 0xff, 0xff, 0xff, 0xff, 0xff, 0xff, 0xff, 0xff, 0xff, 0xff, 0xff, 0xff
        00022B FFFF FFFF FFFF FFFF
        00022F FFFF FFFF FFFF FFFF
    12: .db 0xff, 0xff, 0xff, 0xff, 0xff, 0xff, 0xff, 0xff, 0xff, 0xff, 0xff, 0xff, 0xff, 0xff, 0xff, 0xff
        000233 FFFF FFFF FFFF FFFF
        000237 FFFF FFFF FFFF FFFF
    13: .db 0xff, 0xff, 0xff, 0xff, 0xff, 0xff, 0xff, 0xff, 0xff, 0xff, 0xff, 0xff, 0xff, 0xff, 0xff, 0xff 
        00023B FFFF FFFF FFFF FFFF
        00023F FFFF FFFF FFFF FFFF
    14: .db 0xff, 0xff, 0xff, 0xff, 0xff, 0xff, 0xff, 0xff, 0xff, 0xff, 0xff, 0xff, 0xff, 0xff, 0xff, 0xff 
        000243 FFFF FFFF FFFF FFFF
        000247 FFFF FFFF FFFF FFFF
    15: .db 0xff, 0xff, 0xff, 0xff, 0xff, 0xff, 0xff, 0xff, 0xff, 0xff, 0xff, 0xff, 0xff, 0xff, 0xff, 0xff 
        00024B FFFF FFFF FFFF FFFF
        00024F FFFF FFFF FFFF FFFF
    16: .db 0xff, 0xff, 0xff, 0xff, 0xff, 0xff, 0xff, 0xff, 0xff, 0xff, 0xff, 0xff, 0xff, 0xff, 0xff, 0xff
        000253 FFFF FFFF FFFF FFFF
        000257 FFFF FFFF FFFF FFFF
    17: .db 0xff, 0xff, 0xff, 0xff, 0xff, 0xff, 0xff, 0xff, 0xff, 0xff, 0xff, 0xff, 0xff, 0xff, 0xff, 0xff
        00025B FFFF FFFF FFFF FFFF
        00025F FFFF FFFF FFFF FFFF
    18: .db 0xff, 0xff, 0xff, 0xff, 0xff, 0xff, 0xff, 0xff, 0xff, 0xff, 0xff, 0xff, 0xff, 0xff, 0xff, 0xff
        000263 FFFF FFFF FFFF FFFF
        000267 FFFF FFFF FFFF FFFF
    19: .db 0xff, 0xff, 0xff, 0xff, 0x7f, 0x3f, 0x1f, 0x0f, 0x07, 0x07, 0xc3, 0xe3, 0xe3, 0xc3, 0x81, 0x01 
        00026B FFFF FFFF 3F7F 0F1F
        00026F 0707 E3C3 C3E3 0181
    20: .db 0x01, 0x01, 0x03, 0x03, 0x03, 0x03, 0x07, 0x07, 0x0f, 0x1f, 0x3f, 0x7f, 0xff, 0xff, 0xff, 0xff 
        000273 0101 0303 0303 0707
        000277 1F0F 7F3F FFFF FFFF
    21: .db 0xff, 0xff, 0xff, 0xff, 0xff, 0xff, 0xff, 0xff, 0xff, 0xff, 0xff, 0xff, 0xff, 0xff, 0xff, 0xff 
        00027B FFFF FFFF FFFF FFFF
        00027F FFFF FFFF FFFF FFFF
    22: .db 0xff, 0xff, 0xff, 0xff, 0xff, 0xff, 0xff, 0xff, 0xff, 0xff, 0xff, 0xff, 0xff, 0xff, 0xff, 0xff 
        000283 FFFF FFFF FFFF FFFF
        000287 FFFF FFFF FFFF FFFF
    23: .db 0xff, 0xff, 0xff, 0xff, 0xff, 0xff, 0xff, 0xff, 0xff, 0xff, 0xff, 0xff, 0xff, 0xff, 0xff, 0xff 
        00028B FFFF FFFF FFFF FFFF
        00028F FFFF FFFF FFFF FFFF
    24: .db 0xff, 0xff, 0xff, 0xff, 0xff, 0xff, 0xff, 0xff, 0xff, 0xff, 0xff, 0xff, 0xff, 0xff, 0xff, 0xff 
        000293 FFFF FFFF FFFF FFFF
        000297 FFFF FFFF FFFF FFFF
    25: .db 0xff, 0xff, 0xff, 0xff, 0xff, 0xff, 0xff, 0xff, 0xff, 0xff, 0xff, 0xff, 0xff, 0xff, 0xff, 0xff 
        00029B FFFF FFFF FFFF FFFF
        00029F FFFF FFFF FFFF FFFF
    26: .db 0xff, 0xff, 0xff, 0xff, 0xff, 0xff, 0xff, 0xff, 0xff, 0xff, 0xff, 0xff, 0xff, 0xff, 0xff, 0xff 
        0002A3 FFFF FFFF FFFF FFFF
        0002A7 FFFF FFFF FFFF FFFF
    27: .db 0xff, 0x3f, 0x03, 0x00, 0x00, 0x00, 0x00, 0x00, 0x00, 0x00, 0x03, 0x07, 0x07, 0x03, 0x01, 0x00 
        0002AB 3FFF 0003 0000 0000
        0002AF 0000 0703 0307 0001
    28: .db 0x00, 0x00, 0x80, 0xc0, 0xc0, 0xe0, 0xe0, 0xf0, 0xf0, 0xf8, 0xf8, 0xfc, 0xfc, 0xff, 0xff, 0xff
        0002B3 0000 C080 E0C0 F0E0
        0002B7 F8F0 FCF8 FFFC FFFF
    29: .db 0xff, 0xff, 0xff, 0xff, 0xff, 0xff, 0xff, 0xff, 0xff, 0xff, 0xff, 0xff, 0xff, 0xff, 0xff, 0xff
        0002BB FFFF FFFF FFFF FFFF
        0002BF FFFF FFFF FFFF FFFF
    30: .db 0xff, 0x3f, 0x1f, 0x0f, 0x07, 0x07, 0x07, 0x0f, 0x0f, 0x3f, 0xff, 0xff, 0xff, 0xff, 0xff, 0xff
        0002C3 3FFF 0F1F 0707 0F07
        0002C7 3F0F FFFF FFFF FFFF
    31: .db 0xff, 0xff, 0xff, 0xff, 0xff, 0xff, 0xff, 0x3f, 0x1f, 0x0f, 0x07, 0x07, 0x07, 0x0f, 0x1f, 0x3f 
        0002CB FFFF FFFF FFFF 3FFF
        0002CF 0F1F 0707 0F07 3F1F
    32: .db 0xff, 0xff, 0xff, 0xff, 0xff, 0xff, 0xff, 0xff, 0xff, 0xff, 0xff, 0xff, 0xff, 0x7f, 0x1f, 0x0f 
        0002D3 FFFF FFFF FFFF FFFF
        0002D7 FFFF FFFF 7FFF 0F1F
    33: .db 0x0f, 0x07, 0x07, 0x0f, 0x0f, 0x1f, 0x7f, 0xff, 0xff, 0xff, 0xff, 0xff, 0xff, 0xff, 0xff, 0xff 
        0002DB 070F 0F07 1F0F FF7F
        0002DF FFFF FFFF FFFF FFFF
    34: .db 0xff, 0xff, 0xff, 0x3f, 0x1f, 0x0f, 0x07, 0x07, 0x07, 0x0f, 0x1f, 0x3f, 0xff, 0xff, 0xff, 0xff 
        0002E3 FFFF 3FFF 0F1F 0707
        0002E7 0F07 3F1F FFFF FFFF
    35: .db 0xff, 0xfc, 0xc0, 0x00, 0x00, 0x00, 0x00, 0x00, 0x00, 0x00, 0x00, 0x00, 0x00, 0x00, 0x00, 0x00
        0002EB FCFF 00C0 0000 0000
        0002EF 0000 0000 0000 0000
    36: .db 0x00, 0x00, 0x01, 0x03, 0x07, 0x0f, 0x0f, 0x1f, 0x3f, 0x7f, 0xff, 0xff, 0xff, 0xff, 0xff, 0xff
        0002F3 0000 0301 0F07 1F0F
        0002F7 7F3F FFFF FFFF FFFF
    37: .db 0xff, 0xff, 0xff, 0xff, 0xff, 0xff, 0xff, 0xff, 0xff, 0xff, 0xff, 0xff, 0xff, 0xff, 0xff, 0xff
        0002FB FFFF FFFF FFFF FFFF
        0002FF FFFF FFFF FFFF FFFF
    38: .db 0xff, 0xfc, 0xf8, 0xf0, 0xe0, 0xe0, 0xe0, 0xf0, 0xf0, 0xfc, 0xff, 0xff, 0xff, 0xff, 0xff, 0xff 
        000303 FCFF F0F8 E0E0 F0E0
        000307 FCF0 FFFF FFFF FFFF
    39: .db 0xff, 0xff, 0xff, 0xff, 0xff, 0xff, 0xff, 0xfc, 0xf8, 0xf0, 0xe0, 0xe0, 0xe0, 0xf0, 0xf8, 0xfc 
        00030B FFFF FFFF FFFF FCFF
        00030F F0F8 E0E0 F0E0 FCF8
    40: .db 0xff, 0xff, 0xff, 0xff, 0xff, 0xff, 0xff, 0xff, 0xff, 0xff, 0xff, 0xff, 0xff, 0xfe, 0xf8, 0xf0 
        000313 FFFF FFFF FFFF FFFF
        000317 FFFF FFFF FEFF F0F8
    41: .db 0xf0, 0xe0, 0xe0, 0xf0, 0xf0, 0xf8, 0xfe, 0xff, 0xff, 0xff, 0xff, 0xff, 0xff, 0xff, 0xff, 0xff 
        00031B E0F0 F0E0 F8F0 FFFE
        00031F FFFF FFFF FFFF FFFF
    42: .db 0xff, 0xff, 0xff, 0xfc, 0xf8, 0xf0, 0xe0, 0xe0, 0xe0, 0xf0, 0xf8, 0xfc, 0xff, 0xff, 0xff, 0xff 
        000323 FFFF FCFF F0F8 E0E0
        000327 F0E0 FCF8 FFFF FFFF
    43: .db 0xff, 0xff, 0xff, 0xff, 0xfe, 0xfc, 0xf8, 0xf0, 0xe0, 0xe0, 0xc0, 0xc0, 0xc0, 0xc0, 0x80, 0x80 
        00032B FFFF FFFF FCFE F0F8
        00032F E0E0 C0C0 C0C0 8080
    44: .db 0x80, 0x80, 0xc0, 0xc0, 0xc0, 0xc0, 0xe0, 0xe0, 0xf0, 0xf8, 0xfc, 0xfe, 0xff, 0xff, 0xff, 0xff 
        000333 8080 C0C0 C0C0 E0E0
        000337 F8F0 FEFC FFFF FFFF
    45: .db 0xff, 0xff, 0xff, 0xff, 0xff, 0xff, 0xff, 0xff, 0xff, 0xff, 0xff, 0xff, 0xff, 0xff, 0xff, 0xff 
        00033B FFFF FFFF FFFF FFFF
        00033F FFFF FFFF FFFF FFFF
    46: .db 0xff, 0xff, 0xff, 0xff, 0xff, 0xff, 0xff, 0xff, 0xff, 0xff, 0xff, 0xff, 0xff, 0xff, 0xff, 0xff 
        000343 FFFF FFFF FFFF FFFF
        000347 FFFF FFFF FFFF FFFF
    47: .db 0xff, 0xff, 0xff, 0xff, 0xff, 0xff, 0xff, 0xff, 0xff, 0xff, 0xff, 0xff, 0xff, 0xff, 0xff, 0xff
        00034B FFFF FFFF FFFF FFFF
        00034F FFFF FFFF FFFF FFFF
    48: .db 0xff, 0xff, 0xff, 0xff, 0xff, 0xff, 0xff, 0xff, 0xff, 0xff, 0xff, 0xff, 0xff, 0xff, 0xff, 0xff
        000353 FFFF FFFF FFFF FFFF
        000357 FFFF FFFF FFFF FFFF
    49: .db 0xff, 0xff, 0xff, 0xff, 0xff, 0xff, 0xff, 0xff, 0xff, 0xff, 0xff, 0xff, 0xff, 0xff, 0xff, 0xff
        00035B FFFF FFFF FFFF FFFF
        00035F FFFF FFFF FFFF FFFF
    50: .db 0xff, 0xff, 0xff, 0xff, 0xff, 0xff, 0xff, 0xff, 0xff, 0xff, 0xff, 0xff, 0xff, 0xff, 0xff, 0xff
        000363 FFFF FFFF FFFF FFFF
        000367 FFFF FFFF FFFF FFFF
    51: .db 0xff, 0xff, 0xff, 0xff, 0xff, 0xff, 0xff, 0xff, 0xff, 0xff, 0xff, 0xff, 0xff, 0xff, 0xff, 0xff
        00036B FFFF FFFF FFFF FFFF
        00036F FFFF FFFF FFFF FFFF
    52: .db 0xff, 0xff, 0xff, 0xff, 0xff, 0xff, 0xff, 0xff, 0xff, 0xff, 0xff, 0xff, 0xff, 0xff, 0xff, 0xff
        000373 FFFF FFFF FFFF FFFF
        000377 FFFF FFFF FFFF FFFF
    53: .db 0xff, 0xff, 0xff, 0xff, 0xff, 0xff, 0xff, 0xff, 0xff, 0xff, 0xff, 0xff, 0xff, 0xff, 0xff, 0xff 
        00037B FFFF FFFF FFFF FFFF
        00037F FFFF FFFF FFFF FFFF
    54: .db 0xff, 0xff, 0xff, 0xff, 0xff, 0xff, 0xff, 0xff, 0xff, 0xff, 0xff, 0xff, 0xff, 0xff, 0xff, 0xff
        000383 FFFF FFFF FFFF FFFF
        000387 FFFF FFFF FFFF FFFF
    55: .db 0xff, 0xff, 0xff, 0xff, 0xff, 0xff, 0xff, 0xff, 0xff, 0xff, 0xff, 0xff, 0xff, 0xff, 0xff, 0xff
        00038B FFFF FFFF FFFF FFFF
        00038F FFFF FFFF FFFF FFFF
    56: .db 0xff, 0xff, 0xff, 0xff, 0xff, 0xff, 0xff, 0xff, 0xff, 0xff, 0xff, 0xff, 0xff, 0xff, 0xff, 0xff 
        000393 FFFF FFFF FFFF FFFF
        000397 FFFF FFFF FFFF FFFF
    57: .db 0xff, 0xff, 0xff, 0xff, 0xff, 0xff, 0xff, 0xff, 0xff, 0xff, 0xff, 0xff, 0xff, 0xff, 0xff, 0xff 
        00039B FFFF FFFF FFFF FFFF
        00039F FFFF FFFF FFFF FFFF
    58: .db 0xff, 0xff, 0xff, 0xff, 0xff, 0xff, 0xff, 0xff, 0xff, 0xff, 0xff, 0xff, 0xff, 0xff, 0xff, 0xff
        0003A3 FFFF FFFF FFFF FFFF
        0003A7 FFFF FFFF FFFF FFFF
    59: .db 0xff, 0xff, 0xff, 0xff, 0xff, 0xff, 0xff, 0xff, 0xff, 0xff, 0xff, 0xff, 0xff, 0xff, 0xff, 0xff
        0003AB FFFF FFFF FFFF FFFF
        0003AF FFFF FFFF FFFF FFFF
    60: .db 0xff, 0xff, 0xff, 0xff, 0xff, 0xff, 0xff, 0xff, 0xff, 0xff, 0xff, 0xff, 0xff, 0xff, 0xff, 0xff 
        0003B3 FFFF FFFF FFFF FFFF
        0003B7 FFFF FFFF FFFF FFFF
    61: .db 0xff, 0xff, 0xff, 0xff, 0xff, 0xff, 0xff, 0xff, 0xff, 0xff, 0xff, 0xff, 0xff, 0xff, 0xff, 0xff 
        0003BB FFFF FFFF FFFF FFFF
        0003BF FFFF FFFF FFFF FFFF
    62: .db 0xff, 0xff, 0xff, 0xff, 0xff, 0xff, 0xff, 0xff, 0xff, 0xff, 0xff, 0xff, 0xff, 0xff, 0xff, 0xff 
        0003C3 FFFF FFFF FFFF FFFF
        0003C7 FFFF FFFF FFFF FFFF
    63: .db 0xff, 0xff, 0xff, 0xff, 0xff, 0xff, 0xff, 0xff, 0xff, 0xff, 0xff, 0xff, 0xff, 0xff, 0xff, 0xff
        0003CB FFFF FFFF FFFF FFFF
        0003CF FFFF FFFF FFFF FFFF
    64: .db 0xff, 0xff, 0xff, 0xff, 0xff, 0xff, 0xff, 0xff, 0xff, 0xff, 0xff, 0xff, 0xff, 0xff, 0xff, 0xff
        0003D3 FFFF FFFF FFFF FFFF
        0003D7 FFFF FFFF FFFF FFFF
    65: .db 0xff, 0xff, 0xff, 0xff, 0xff, 0xff, 0xff, 0xff, 0xff, 0xff, 0xff, 0xff, 0xff, 0xff, 0xff, 0xff
        0003DB FFFF FFFF FFFF FFFF
        0003DF FFFF FFFF FFFF FFFF
    66: .db 0xff, 0xff, 0xff, 0xff, 0xff, 0xff, 0xff, 0xff, 0xff, 0xff, 0xff, 0xff, 0xff, 0xff, 0xff, 0xff
        0003E3 FFFF FFFF FFFF FFFF
        0003E7 FFFF FFFF FFFF FFFF
    67: 
    68: mario1:
    69: .db 0xff, 0xff, 0xff, 0xff, 0xff, 0xff, 0xff, 0xff, 0xff, 0xff, 0xff, 0xff, 0xff, 0xff, 0xff, 0xff 
        0003EB FFFF FFFF FFFF FFFF
        0003EF FFFF FFFF FFFF FFFF
    70: .db 0xff, 0xff, 0xff, 0xff, 0xff, 0xff, 0xff, 0xff, 0xff, 0xff, 0xff, 0xff, 0xff, 0xff, 0xff, 0xff
        0003F3 FFFF FFFF FFFF FFFF
        0003F7 FFFF FFFF FFFF FFFF
    71: .db 0xff, 0xff, 0xff, 0xff, 0xff, 0xff, 0xff, 0xff, 0xff, 0xff, 0xff, 0xff, 0xff, 0xff, 0xff, 0xff
        0003FB FFFF FFFF FFFF FFFF
        0003FF FFFF FFFF FFFF FFFF
    72: .db 0xff, 0xff, 0xff, 0xff, 0xff, 0xff, 0xff, 0xff, 0xff, 0xff, 0xff, 0xff, 0xff, 0xff, 0xff, 0xff
        000403 FFFF FFFF FFFF FFFF
        000407 FFFF FFFF FFFF FFFF
    73: .db 0xff, 0xff, 0xff, 0xff, 0xff, 0xff, 0xff, 0xff, 0xff, 0xff, 0xff, 0xff, 0xff, 0xff, 0xff, 0xff
        00040B FFFF FFFF FFFF FFFF
        00040F FFFF FFFF FFFF FFFF
    74: .db 0xff, 0xff, 0xff, 0xff, 0xff, 0xff, 0xff, 0xff, 0xff, 0xff, 0xff, 0xff, 0xff, 0xff, 0xff, 0xff
        000413 FFFF FFFF FFFF FFFF
        000417 FFFF FFFF FFFF FFFF
    75: .db 0xff, 0xff, 0xff, 0xff, 0xff, 0xff, 0xff, 0xff, 0xff, 0xff, 0xff, 0xff, 0xff, 0xff, 0xff, 0xff
        00041B FFFF FFFF FFFF FFFF
        00041F FFFF FFFF FFFF FFFF
    76: .db 0xff, 0xff, 0xff, 0xff, 0xff, 0xff, 0xff, 0xff, 0xff, 0xff, 0xff, 0xff, 0xff, 0xff, 0xff, 0xff 
        000423 FFFF FFFF FFFF FFFF
        000427 FFFF FFFF FFFF FFFF
    77: .db 0xff, 0xff, 0xff, 0xff, 0xff, 0xff, 0xff, 0xff, 0xff, 0xff, 0xff, 0xff, 0xff, 0xff, 0xff, 0xff
        00042B FFFF FFFF FFFF FFFF
        00042F FFFF FFFF FFFF FFFF
    78: .db 0xff, 0xff, 0xff, 0xff, 0xff, 0xff, 0xff, 0xff, 0xff, 0xff, 0xff, 0xff, 0xff, 0xff, 0xff, 0xff
        000433 FFFF FFFF FFFF FFFF
        000437 FFFF FFFF FFFF FFFF
    79: .db 0xff, 0xff, 0xff, 0xff, 0xff, 0xff, 0xff, 0xff, 0xff, 0xff, 0xff, 0xff, 0xff, 0xff, 0xff, 0xff
        00043B FFFF FFFF FFFF FFFF
        00043F FFFF FFFF FFFF FFFF
    80: .db 0xff, 0xff, 0xff, 0xff, 0xff, 0xff, 0xff, 0xff, 0xff, 0xff, 0xff, 0xff, 0xff, 0xff, 0xff, 0xff
        000443 FFFF FFFF FFFF FFFF
        000447 FFFF FFFF FFFF FFFF
    81: .db 0xff, 0xff, 0xff, 0xff, 0xff, 0xff, 0xff, 0xff, 0xff, 0xff, 0xff, 0xff, 0xff, 0xff, 0xff, 0xff
        00044B FFFF FFFF FFFF FFFF
        00044F FFFF FFFF FFFF FFFF
    82: .db 0xff, 0xff, 0xff, 0xff, 0xff, 0xff, 0xff, 0xff, 0xff, 0xff, 0xff, 0xff, 0xff, 0xff, 0xff, 0xff
        000453 FFFF FFFF FFFF FFFF
        000457 FFFF FFFF FFFF FFFF
    83: .db 0xff, 0xff, 0xff, 0xff, 0xff, 0xff, 0xff, 0xff, 0xff, 0xff, 0xff, 0xff, 0xff, 0xff, 0xff, 0xff
        00045B FFFF FFFF FFFF FFFF
        00045F FFFF FFFF FFFF FFFF
    84: .db 0xff, 0xff, 0xff, 0xff, 0xff, 0xff, 0xff, 0xff, 0xff, 0xff, 0xff, 0xff, 0xff, 0xff, 0xff, 0xff
        000463 FFFF FFFF FFFF FFFF
        000467 FFFF FFFF FFFF FFFF
    85: .db 0xff, 0xff, 0xff, 0xff, 0xff, 0xff, 0xff, 0xff, 0xff, 0xff, 0xff, 0xff, 0xff, 0xff, 0xff, 0xff
        00046B FFFF FFFF FFFF FFFF
        00046F FFFF FFFF FFFF FFFF
    86: .db 0xff, 0xff, 0xff, 0xff, 0x7f, 0x3f, 0x1f, 0x8f, 0xc7, 0xc7, 0x83, 0x03, 0x03, 0x03, 0x01, 0x01
        000473 FFFF FFFF 3F7F 8F1F
        000477 C7C7 0383 0303 0101
    87: .db 0x01, 0x01, 0x03, 0x03, 0x03, 0x03, 0x07, 0x07, 0x8f, 0x9f, 0xff, 0xff, 0xff, 0xff, 0xff, 0xff
        00047B 0101 0303 0303 0707
        00047F 9F8F FFFF FFFF FFFF
    88: .db 0xff, 0xff, 0xff, 0xff, 0xff, 0xff, 0xff, 0xff, 0xff, 0xff, 0xff, 0xff, 0xff, 0xff, 0xff, 0xff
        000483 FFFF FFFF FFFF FFFF
        000487 FFFF FFFF FFFF FFFF
    89: .db 0xff, 0xff, 0xff, 0xff, 0xff, 0xff, 0xff, 0xff, 0xff, 0xff, 0xff, 0xff, 0xff, 0xff, 0xff, 0xff
        00048B FFFF FFFF FFFF FFFF
        00048F FFFF FFFF FFFF FFFF
    90: .db 0xff, 0xff, 0xff, 0xff, 0xff, 0xff, 0xff, 0xff, 0xff, 0xff, 0xff, 0xff, 0xff, 0xff, 0xff, 0xff
        000493 FFFF FFFF FFFF FFFF
        000497 FFFF FFFF FFFF FFFF
    91: .db 0xff, 0xff, 0xff, 0xff, 0xff, 0xff, 0xff, 0xff, 0xff, 0xff, 0xff, 0xff, 0xff, 0xff, 0xff, 0xff
        00049B FFFF FFFF FFFF FFFF
        00049F FFFF FFFF FFFF FFFF
    92: .db 0xff, 0xff, 0xff, 0xff, 0xff, 0xff, 0xff, 0xff, 0xff, 0xff, 0xff, 0xff, 0xff, 0xff, 0xff, 0xff
        0004A3 FFFF FFFF FFFF FFFF
        0004A7 FFFF FFFF FFFF FFFF
    93: .db 0xff, 0xff, 0xff, 0xff, 0xff, 0xff, 0xff, 0xff, 0xff, 0xff, 0xff, 0xff, 0xff, 0xff, 0xff, 0xff
        0004AB FFFF FFFF FFFF FFFF
        0004AF FFFF FFFF FFFF FFFF
    94: .db 0xff, 0x3f, 0x03, 0x00, 0x00, 0x00, 0x03, 0x07, 0x0f, 0x0f, 0x07, 0x00, 0x00, 0x00, 0x80, 0xc0
        0004B3 3FFF 0003 0000 0703
        0004B7 0F0F 0007 0000 C080
    95: .db 0xe0, 0xe0, 0xf0, 0xf8, 0xf8, 0xfc, 0xfe, 0xff, 0xff, 0xff, 0xff, 0xff, 0xff, 0xff, 0xff, 0xff
        0004BB E0E0 F8F0 FCF8 FFFE
        0004BF FFFF FFFF FFFF FFFF
    96: .db 0xff, 0x3f, 0x1f, 0x0f, 0x07, 0x07, 0x07, 0x0f, 0x0f, 0x3f, 0xff, 0xff, 0xff, 0xff, 0xff, 0xff
        0004C3 3FFF 0F1F 0707 0F07
        0004C7 3F0F FFFF FFFF FFFF
    97: .db 0xff, 0xff, 0xff, 0xff, 0xff, 0xff, 0xff, 0x3f, 0x1f, 0x0f, 0x07, 0x07, 0x07, 0x0f, 0x1f, 0x3f
        0004CB FFFF FFFF FFFF 3FFF
        0004CF 0F1F 0707 0F07 3F1F
    98: .db 0xff, 0xff, 0xff, 0xff, 0xff, 0xff, 0xff, 0xff, 0xff, 0xff, 0xff, 0xff, 0xff, 0x7f, 0x1f, 0x0f 
        0004D3 FFFF FFFF FFFF FFFF
        0004D7 FFFF FFFF 7FFF 0F1F
    99: .db 0x0f, 0x07, 0x07, 0x0f, 0x0f, 0x1f, 0x7f, 0xff, 0xff, 0xff, 0xff, 0xff, 0xff, 0xff, 0xff, 0xff
        0004DB 070F 0F07 1F0F FF7F
        0004DF FFFF FFFF FFFF FFFF
   100: .db 0xff, 0xff, 0xff, 0x3f, 0x1f, 0x0f, 0x07, 0x07, 0x07, 0x0f, 0x1f, 0x3f, 0xff, 0xff, 0xff, 0xff
        0004E3 FFFF 3FFF 0F1F 0707
        0004E7 0F07 3F1F FFFF FFFF
   101: .db 0xff, 0xff, 0xff, 0xff, 0xff, 0xff, 0xff, 0xff, 0xff, 0xff, 0xff, 0xff, 0xff, 0xff, 0xff, 0xff
        0004EB FFFF FFFF FFFF FFFF
        0004EF FFFF FFFF FFFF FFFF
   102: .db 0xff, 0xfc, 0xc0, 0x00, 0x00, 0x00, 0x00, 0x00, 0x00, 0x00, 0x00, 0x00, 0x00, 0x00, 0x01, 0x03
        0004F3 FCFF 00C0 0000 0000
        0004F7 0000 0000 0000 0301
   103: .db 0x07, 0x0f, 0x3f, 0x3f, 0x7f, 0xff, 0xff, 0xff, 0xff, 0xff, 0xff, 0xff, 0xff, 0xff, 0xff, 0xff
        0004FB 0F07 3F3F FF7F FFFF
        0004FF FFFF FFFF FFFF FFFF
   104: .db 0xff, 0xfc, 0xf8, 0xf0, 0xe0, 0xe0, 0xe0, 0xf0, 0xf0, 0xfc, 0xff, 0xff, 0xff, 0xff, 0xff, 0xff
        000503 FCFF F0F8 E0E0 F0E0
        000507 FCF0 FFFF FFFF FFFF
   105: .db 0xff, 0xff, 0xff, 0xff, 0xff, 0xff, 0xff, 0xfc, 0xf8, 0xf0, 0xe0, 0xe0, 0xe0, 0xf0, 0xf8, 0xfc
        00050B FFFF FFFF FFFF FCFF
        00050F F0F8 E0E0 F0E0 FCF8
   106: .db 0xff, 0xff, 0xff, 0xff, 0xff, 0xff, 0xff, 0xff, 0xff, 0xff, 0xff, 0xff, 0xff, 0xfe, 0xf8, 0xf0
        000513 FFFF FFFF FFFF FFFF
        000517 FFFF FFFF FEFF F0F8
   107: .db 0xf0, 0xe0, 0xe0, 0xf0, 0xf0, 0xf8, 0xfe, 0xff, 0xff, 0xff, 0xff, 0xff, 0xff, 0xff, 0xff, 0xff
        00051B E0F0 F0E0 F8F0 FFFE
        00051F FFFF FFFF FFFF FFFF
   108: .db 0xff, 0xff, 0xff, 0xfc, 0xf8, 0xf0, 0xe0, 0xe0, 0xe0, 0xf0, 0xf8, 0xfc, 0xff, 0xff, 0xff, 0xff 
        000523 FFFF FCFF F0F8 E0E0
        000527 F0E0 FCF8 FFFF FFFF
   109: .db 0xff, 0xff, 0xff, 0xff, 0xff, 0xff, 0xff, 0xff, 0xff, 0xff, 0xff, 0xff, 0xff, 0xff, 0xff, 0xff
        00052B FFFF FFFF FFFF FFFF
        00052F FFFF FFFF FFFF FFFF
   110: .db 0xff, 0xff, 0xff, 0xff, 0xfe, 0xfc, 0xf8, 0xf0, 0xe0, 0xe0, 0xc0, 0xc0, 0xc0, 0xc0, 0x80, 0x80 
        000533 FFFF FFFF FCFE F0F8
        000537 E0E0 C0C0 C0C0 8080
   111: .db 0x80, 0x80, 0xc0, 0xc0, 0xc0, 0xc0, 0xe1, 0xe3, 0xff, 0xff, 0xff, 0xff, 0xff, 0xff, 0xff, 0xff
        00053B 8080 C0C0 C0C0 E3E1
        00053F FFFF FFFF FFFF FFFF
   112: .db 0xff, 0xff, 0xff, 0xff, 0xff, 0xff, 0xff, 0xff, 0xff, 0xff, 0xff, 0xff, 0xff, 0xff, 0xff, 0xff 
        000543 FFFF FFFF FFFF FFFF
        000547 FFFF FFFF FFFF FFFF
   113: .db 0xff, 0xff, 0xff, 0xff, 0xff, 0xff, 0xff, 0xff, 0xff, 0xff, 0xff, 0xff, 0xff, 0xff, 0xff, 0xff 
        00054B FFFF FFFF FFFF FFFF
        00054F FFFF FFFF FFFF FFFF
   114: .db 0xff, 0xff, 0xff, 0xff, 0xff, 0xff, 0xff, 0xff, 0xff, 0xff, 0xff, 0xff, 0xff, 0xff, 0xff, 0xff
        000553 FFFF FFFF FFFF FFFF
        000557 FFFF FFFF FFFF FFFF
   115: .db 0xff, 0xff, 0xff, 0xff, 0xff, 0xff, 0xff, 0xff, 0xff, 0xff, 0xff, 0xff, 0xff, 0xff, 0xff, 0xff
        00055B FFFF FFFF FFFF FFFF
        00055F FFFF FFFF FFFF FFFF
   116: .db 0xff, 0xff, 0xff, 0xff, 0xff, 0xff, 0xff, 0xff, 0xff, 0xff, 0xff, 0xff, 0xff, 0xff, 0xff, 0xff
        000563 FFFF FFFF FFFF FFFF
        000567 FFFF FFFF FFFF FFFF
   117: .db 0xff, 0xff, 0xff, 0xff, 0xff, 0xff, 0xff, 0xff, 0xff, 0xff, 0xff, 0xff, 0xff, 0xff, 0xff, 0xff
        00056B FFFF FFFF FFFF FFFF
        00056F FFFF FFFF FFFF FFFF
   118: .db 0xff, 0xff, 0xff, 0xff, 0xff, 0xff, 0xff, 0xff, 0xff, 0xff, 0xff, 0xff, 0xff, 0xff, 0xff, 0xff
        000573 FFFF FFFF FFFF FFFF
        000577 FFFF FFFF FFFF FFFF
   119: .db 0xff, 0xff, 0xff, 0xff, 0xff, 0xff, 0xff, 0xff, 0xff, 0xff, 0xff, 0xff, 0xff, 0xff, 0xff, 0xff
        00057B FFFF FFFF FFFF FFFF
        00057F FFFF FFFF FFFF FFFF
   120: .db 0xff, 0xff, 0xff, 0xff, 0xff, 0xff, 0xff, 0xff, 0xff, 0xff, 0xff, 0xff, 0xff, 0xff, 0xff, 0xff
        000583 FFFF FFFF FFFF FFFF
        000587 FFFF FFFF FFFF FFFF
   121: .db 0xff, 0xff, 0xff, 0xff, 0xff, 0xff, 0xff, 0xff, 0xff, 0xff, 0xff, 0xff, 0xff, 0xff, 0xff, 0xff
        00058B FFFF FFFF FFFF FFFF
        00058F FFFF FFFF FFFF FFFF
   122: .db 0xff, 0xff, 0xff, 0xff, 0xff, 0xff, 0xff, 0xff, 0xff, 0xff, 0xff, 0xff, 0xff, 0xff, 0xff, 0xff
        000593 FFFF FFFF FFFF FFFF
        000597 FFFF FFFF FFFF FFFF
   123: .db 0xff, 0xff, 0xff, 0xff, 0xff, 0xff, 0xff, 0xff, 0xff, 0xff, 0xff, 0xff, 0xff, 0xff, 0xff, 0xff
        00059B FFFF FFFF FFFF FFFF
        00059F FFFF FFFF FFFF FFFF
   124: .db 0xff, 0xff, 0xff, 0xff, 0xff, 0xff, 0xff, 0xff, 0xff, 0xff, 0xff, 0xff, 0xff, 0xff, 0xff, 0xff
        0005A3 FFFF FFFF FFFF FFFF
        0005A7 FFFF FFFF FFFF FFFF
   125: .db 0xff, 0xff, 0xff, 0xff, 0xff, 0xff, 0xff, 0xff, 0xff, 0xff, 0xff, 0xff, 0xff, 0xff, 0xff, 0xff
        0005AB FFFF FFFF FFFF FFFF
        0005AF FFFF FFFF FFFF FFFF
   126: .db 0xff, 0xff, 0xff, 0xff, 0xff, 0xff, 0xff, 0xff, 0xff, 0xff, 0xff, 0xff, 0xff, 0xff, 0xff, 0xff
        0005B3 FFFF FFFF FFFF FFFF
        0005B7 FFFF FFFF FFFF FFFF
   127: .db 0xff, 0xff, 0xff, 0xff, 0xff, 0xff, 0xff, 0xff, 0xff, 0xff, 0xff, 0xff, 0xff, 0xff, 0xff, 0xff
        0005BB FFFF FFFF FFFF FFFF
        0005BF FFFF FFFF FFFF FFFF
   128: .db 0xff, 0xff, 0xff, 0xff, 0xff, 0xff, 0xff, 0xff, 0xff, 0xff, 0xff, 0xff, 0xff, 0xff, 0xff, 0xff
        0005C3 FFFF FFFF FFFF FFFF
        0005C7 FFFF FFFF FFFF FFFF
   129: .db 0xff, 0xff, 0xff, 0xff, 0xff, 0xff, 0xff, 0xff, 0xff, 0xff, 0xff, 0xff, 0xff, 0xff, 0xff, 0xff
        0005CB FFFF FFFF FFFF FFFF
        0005CF FFFF FFFF FFFF FFFF
   130: .db 0xff, 0xff, 0xff, 0xff, 0xff, 0xff, 0xff, 0xff, 0xff, 0xff, 0xff, 0xff, 0xff, 0xff, 0xff, 0xff
        0005D3 FFFF FFFF FFFF FFFF
        0005D7 FFFF FFFF FFFF FFFF
   131: .db 0xff, 0xff, 0xff, 0xff, 0xff, 0xff, 0xff, 0xff, 0xff, 0xff, 0xff, 0xff, 0xff, 0xff, 0xff, 0xff
        0005DB FFFF FFFF FFFF FFFF
        0005DF FFFF FFFF FFFF FFFF
   132: .db 0xff, 0xff, 0xf0, 0xff, 0xff, 0xff, 0xff, 0xff, 0xff, 0xff, 0xff, 0xff, 0xff, 0xff, 0xff, 0xff
        0005E3 FFFF FFF0 FFFF FFFF
        0005E7 FFFF FFFF FFFF FFFF
   133: array:
   134: .dw mario1, mario
        0005EB 03EB 01EB
  Continuing file main.asm
 -> Warning 001: 3 symbol(s) defined, but not used!

Program             :      491 words.
Constants           :     1026 words.
Total program memory:     1517 words.
Eeprom space        :        0 bytes.
Data segment        :        0 bytes.
Compilation completed, no errors.
Compilation ended 23.05.2021, 17:21:47
