gavrasm Gerd's AVR assembler version 4.9 (C)2020 by DG4FAC
----------------------------------------------------------
Source file: main.asm
Hex file:    main.hex
Eeprom file: main.eep
Compiled:    23.05.2021, 15:14:37
Pass:        2
     1: ;======OLED Screen on SSD1306====
     2: .include "headers.inc"
  Including file headers.inc
     1: .device ATmega328P
     2: .def   temp       = R16
     3: .def   graph_data = R20
     4: .def   temp1      = R21
     5: .def   temp2      = R22
     6: .def   temp3      = R23
     7: ;.equ   time       = (16000000/     
     8: .MACRO Initialization
     9:           ldi     temp,   HIGH(RAMEND)
    10:           out     SPH,    temp
    11: 		ldi     temp,   LOW(RAMEND)
    12: 		out     SPL,    temp
    13: 		;-------I2C init
    14: 		ldi     temp,   0x0C
    15: 		sts     TWBR,   temp
    16:           ldi     temp,   0x00
    17: 		sts     TWSR,   temp
    18:           ;-------UART init
    19: 		clr     temp
    20: 		sts     UBRR0H, temp
    21: 		ldi     temp,   0x67
    22: 		sts     UBRR0L,  temp
    23: 		ldi     temp,   1<<TXEN0
    24: 		sts     UCSR0B, temp     
    25: .ENDMACRO 
    26: 
    27: .MACRO SendStart
    28:           ldi     temp,   1<<TWEN | 1<<TWINT | 1<<TWSTA
    29: 		sts     TWCR,   temp
    30:           rcall   wait 
    31: .ENDMACRO      
    32: 
    33: .MACRO  SendSLAW
    34:           ldi     temp,   @0 
    35: 		sts     TWDR,   temp
    36: 		ldi     temp,   1<<TWEN | 1<<TWINT
    37: 		sts     TWCR,   temp
    38: 		rcall   wait	   
    39: .ENDMACRO          
    40: 		  
    41: 
    42: .MACRO  SendCommand
    43:           ldi     temp,   0x80
    44: 		sts     TWDR,   temp
    45: 		ldi     temp,   1<<TWEN | 1<<TWINT
    46: 		sts     TWCR,   temp
    47:           rcall   wait 
    48: 		ldi     temp,   @0
    49: 		sts     TWDR,   temp
    50: 		ldi     temp,   1<<TWEN | 1<<TWINT
    51: 		sts     TWCR,   temp
    52: 		rcall   wait
    53: .ENDMACRO
    54: 
    55:  .MACRO SendStop
    56:           ldi     temp,   1<<TWEN | 1<<TWINT | 1<<TWSTO
    57: 		sts     TWCR,   temp
    58:           rcall   wait 
    59: .ENDMACRO  
    60: 
    61: .MACRO ClearScreen
    62:           ldi     temp,   1<<TWEN | 1<<TWINT | 1<<TWSTA
    63: 		sts     TWCR,   temp
    64:           rcall   wait
    65: 		ldi     temp,   @0 
    66: 		sts     TWDR,   temp
    67: 		ldi     temp,   1<<TWEN | 1<<TWINT
    68: 		sts     TWCR,   temp
    69: 		call   wait
    70: 
    71: 		ldi     r18,    9             ; Set pages x = x-1. To set 8 pages you should set 9 e.g.
    72: send1:    dec     r18
    73:           breq    proceed
    74:           ldi     r19,    129
    75: lp1:	     dec     r19
    76:         breq    send1
    77:         ldi     temp,   0xC0
    78: 		sts     TWDR,   temp
    79: 		ldi     temp,   1<<TWEN | 1<<TWINT 
    80: 		sts     TWCR,   temp
    81:           rcall wait
    82: 		ldi     temp,   0x00
    83: 		sts     TWDR,   temp
    84: 		ldi     temp,   1<<TWEN | 1<<TWINT 
    85: 		sts     TWCR,   temp
    86: 		rcall wait
    87: 		rjmp    lp1
    88:                  
    89: .ENDMACRO           
  Continuing file main.asm
     3: 
     4: 		.cseg
     5:           
     6: init:   Initialization
     7: 		SendStart
     8:         SendSLAW 0x78
     9: 		;-----Initialization of display
    10: 		SendCommand  0xA8          ;Set MUX ratio 3F
    11: 		SendCommand  0x3F
    12: 		SendCommand  0xD3          ;Set display offset
    13: 		SendCommand  0x00
    14:         SendCommand  0x40          ;Display start line 40-7F
    15: 		SendCommand  0xA0          ;Set Segment Re-map
    16: 		SendCommand  0xC0          ;Set COM port output Scan detection
    17: 		SendCommand  0xDA          ;Set COM Pins Hardware Configuration
    18: 		SendCommand  0x12
    19: 		SendCommand  0x81          ;Set contrast control 00-FF
    20: 	    SendCommand  0xFF
    21: 		SendCommand  0xA4          ;Entire display ON
    22: 		SendCommand  0xA6          ;Set normal inverse display
    23: 		SendCommand  0xD5          ;Set display clock divide ratio/Oscillator frequency
    24: 		SendCommand  0x80
    25: 		SendCommand  0x8D          ;Charge pump command table
    26: 		SendCommand  0x14
    27: 		
    28: 		SendCommand  0x20;       
    29: 		SendCommand  0x00
    30: 		SendCommand  0x21;
    31: 		SendCommand  0x00
    32: 		SendCommand  0x7F
    33: 		SendCommand  0x22;
    34: 		SendCommand  0x00
    35: 		SendCommand  0x07
    36:           
    37: 		SendCommand  0xAF
    38: 		;------Send DATA AND  !!!DON'T SEND STOP!!! IT WON'T WORK!!!
    39: 		ClearScreen 0x78
    40: proceed:
    41: animation:
    42: 0001AB   E072  ldi     R23,    2
    43: 
    44: 0001AC   3070  cpi     R23,    0
    45: 0001AD   F121  breq    END		
    46: 0001AE   957A  dec     R23
    47: 0001AF   E1F8  ldi     ZH,     0x18
    48: 0001B0   E0E0  ldi     ZL,     0x00
    49:       
    50: 0001B1   D02A  rcall delay
    51: send_data:          
    52:         SendStart
    53: 		SendSLAW 0x78
    54: 0001BD   E029  ldi     r18,    9         ; Set pages x = x-1. To set 8 pages you should set 9 e.g.
    55: 0001BE   952A  dec     r18
    56: 0001BF   F359  breq    animation
    57: 0001C0   E831  ldi     r19,    129
    58: 0001C1   953A  dec     r19
    59: 0001C2   F3D9  breq    send
    60: 0001C3   EC00  ldi     temp,   0xC0
    61: 0001C4   9300  sts     TWDR,   temp
        0001C5   00BB
    62: 0001C6   E804  ldi     temp,   1<<TWEN | 1<<TWINT 
    63: 0001C7   9300  sts     TWCR,   temp
        0001C8   00BC
    64: 0001C9   D009  rcall wait
    65: 0001CA   9105  lpm     temp,   Z+
    66: 0001CB   9300  sts     TWDR,   temp
        0001CC   00BB
    67: 0001CD   E804  ldi     temp,   1<<TWEN | 1<<TWINT 
    68: 0001CE   9300  sts     TWCR,   temp
        0001CF   00BC
    69: 0001D0   D002  rcall wait
    70: 0001D1   CFEF  rjmp    lp
    71: 		  	      
    72: 
    73: 0001D2   CFFF  rjmp  END
    74: 
    75: 
    76: 
    77:         
    78: 0001D3   9100  lds     temp,   TWCR
        0001D4   00BC
    79: 0001D5   FF07  sbrs    temp,   TWINT
    80: 0001D6   CFFC  rjmp    wait
    81: 0001D7   9100  lds     temp,   TWSR 
        0001D8   00B9
    82: 0001D9   9300  sts     UDR0,   temp
        0001DA   00C6
    83: 0001DB   9508  ret
    84: 		  
    85: 		   
    86: 0001DC   E057  ldi     temp1,  7
    87: 0001DD   955A  dec     temp1
    88: 0001DE   F039  breq    exit
    89: 0001DF   EF6F  ldi     temp2,  255
    90: 0001E0   956A  dec     temp2
    91: 0001E1   F3D9  breq    lp0
    92: 0001E2   EF7F  ldi     temp3,  255
    93: 0001E3   957A  dec     temp3 
    94: 0001E4   F3D9  breq    lp2
    95: 0001E5   CFFD  rjmp    lp3
    96: 0001E6   9508  ret 
    97: .include "Graphical_data.inc"		 
  Including file Graphical_data.inc
     1: .org  1800
     2: mario: 
     3: .db 0xff, 0xff, 0xff, 0xff, 0xff, 0xff, 0xff, 0xff, 0xff, 0xff, 0xff, 0xff, 0xff, 0xff, 0xff, 0xff 
        000708 FFFF FFFF FFFF FFFF
        00070C FFFF FFFF FFFF FFFF
     4: .db 0xff, 0xff, 0xff, 0xff, 0xff, 0xff, 0xff, 0xff, 0xff, 0xff, 0xff, 0xff, 0xff, 0xff, 0xff, 0xff 
        000710 FFFF FFFF FFFF FFFF
        000714 FFFF FFFF FFFF FFFF
     5: .db 0xff, 0xff, 0xff, 0xff, 0xff, 0xff, 0xff, 0xff, 0xff, 0xff, 0xff, 0xff, 0xff, 0xff, 0xff, 0xff 
        000718 FFFF FFFF FFFF FFFF
        00071C FFFF FFFF FFFF FFFF
     6: .db 0xff, 0xff, 0xff, 0xff, 0xff, 0xff, 0xff, 0xff, 0xff, 0xff, 0xff, 0xff, 0xff, 0xff, 0xff, 0xff
        000720 FFFF FFFF FFFF FFFF
        000724 FFFF FFFF FFFF FFFF
     7: .db 0xff, 0xff, 0xff, 0xff, 0xff, 0xff, 0xff, 0xff, 0xff, 0xff, 0xff, 0xff, 0xff, 0xff, 0xff, 0xff
        000728 FFFF FFFF FFFF FFFF
        00072C FFFF FFFF FFFF FFFF
     8: .db 0xff, 0xff, 0xff, 0xff, 0xff, 0xff, 0xff, 0xff, 0xff, 0xff, 0xff, 0xff, 0xff, 0xff, 0xff, 0xff 
        000730 FFFF FFFF FFFF FFFF
        000734 FFFF FFFF FFFF FFFF
     9: .db 0xff, 0xff, 0xff, 0xff, 0xff, 0xff, 0xff, 0xff, 0xff, 0xff, 0xff, 0xff, 0xff, 0xff, 0xff, 0xff 
        000738 FFFF FFFF FFFF FFFF
        00073C FFFF FFFF FFFF FFFF
    10: .db 0xff, 0xff, 0xff, 0xff, 0xff, 0xff, 0xff, 0xff, 0xff, 0xff, 0xff, 0xff, 0xff, 0xff, 0xff, 0xff 
        000740 FFFF FFFF FFFF FFFF
        000744 FFFF FFFF FFFF FFFF
    11: .db 0xff, 0xff, 0xff, 0xff, 0xff, 0xff, 0xff, 0xff, 0xff, 0xff, 0xff, 0xff, 0xff, 0xff, 0xff, 0xff
        000748 FFFF FFFF FFFF FFFF
        00074C FFFF FFFF FFFF FFFF
    12: .db 0xff, 0xff, 0xff, 0xff, 0xff, 0xff, 0xff, 0xff, 0xff, 0xff, 0xff, 0xff, 0xff, 0xff, 0xff, 0xff
        000750 FFFF FFFF FFFF FFFF
        000754 FFFF FFFF FFFF FFFF
    13: .db 0xff, 0xff, 0xff, 0xff, 0xff, 0xff, 0xff, 0xff, 0xff, 0xff, 0xff, 0xff, 0xff, 0xff, 0xff, 0xff 
        000758 FFFF FFFF FFFF FFFF
        00075C FFFF FFFF FFFF FFFF
    14: .db 0xff, 0xff, 0xff, 0xff, 0xff, 0xff, 0xff, 0xff, 0xff, 0xff, 0xff, 0xff, 0xff, 0xff, 0xff, 0xff 
        000760 FFFF FFFF FFFF FFFF
        000764 FFFF FFFF FFFF FFFF
    15: .db 0xff, 0xff, 0xff, 0xff, 0xff, 0xff, 0xff, 0xff, 0xff, 0xff, 0xff, 0xff, 0xff, 0xff, 0xff, 0xff 
        000768 FFFF FFFF FFFF FFFF
        00076C FFFF FFFF FFFF FFFF
    16: .db 0xff, 0xff, 0xff, 0xff, 0xff, 0xff, 0xff, 0xff, 0xff, 0xff, 0xff, 0xff, 0xff, 0xff, 0xff, 0xff
        000770 FFFF FFFF FFFF FFFF
        000774 FFFF FFFF FFFF FFFF
    17: .db 0xff, 0xff, 0xff, 0xff, 0xff, 0xff, 0xff, 0xff, 0xff, 0xff, 0xff, 0xff, 0xff, 0xff, 0xff, 0xff
        000778 FFFF FFFF FFFF FFFF
        00077C FFFF FFFF FFFF FFFF
    18: .db 0xff, 0xff, 0xff, 0xff, 0xff, 0xff, 0xff, 0xff, 0xff, 0xff, 0xff, 0xff, 0xff, 0xff, 0xff, 0xff
        000780 FFFF FFFF FFFF FFFF
        000784 FFFF FFFF FFFF FFFF
    19: .db 0xff, 0xff, 0xff, 0xff, 0x7f, 0x3f, 0x1f, 0x0f, 0x07, 0x07, 0xc3, 0xe3, 0xe3, 0xc3, 0x81, 0x01 
        000788 FFFF FFFF 3F7F 0F1F
        00078C 0707 E3C3 C3E3 0181
    20: .db 0x01, 0x01, 0x03, 0x03, 0x03, 0x03, 0x07, 0x07, 0x0f, 0x1f, 0x3f, 0x7f, 0xff, 0xff, 0xff, 0xff 
        000790 0101 0303 0303 0707
        000794 1F0F 7F3F FFFF FFFF
    21: .db 0xff, 0xff, 0xff, 0xff, 0xff, 0xff, 0xff, 0xff, 0xff, 0xff, 0xff, 0xff, 0xff, 0xff, 0xff, 0xff 
        000798 FFFF FFFF FFFF FFFF
        00079C FFFF FFFF FFFF FFFF
    22: .db 0xff, 0xff, 0xff, 0xff, 0xff, 0xff, 0xff, 0xff, 0xff, 0xff, 0xff, 0xff, 0xff, 0xff, 0xff, 0xff 
        0007A0 FFFF FFFF FFFF FFFF
        0007A4 FFFF FFFF FFFF FFFF
    23: .db 0xff, 0xff, 0xff, 0xff, 0xff, 0xff, 0xff, 0xff, 0xff, 0xff, 0xff, 0xff, 0xff, 0xff, 0xff, 0xff 
        0007A8 FFFF FFFF FFFF FFFF
        0007AC FFFF FFFF FFFF FFFF
    24: .db 0xff, 0xff, 0xff, 0xff, 0xff, 0xff, 0xff, 0xff, 0xff, 0xff, 0xff, 0xff, 0xff, 0xff, 0xff, 0xff 
        0007B0 FFFF FFFF FFFF FFFF
        0007B4 FFFF FFFF FFFF FFFF
    25: .db 0xff, 0xff, 0xff, 0xff, 0xff, 0xff, 0xff, 0xff, 0xff, 0xff, 0xff, 0xff, 0xff, 0xff, 0xff, 0xff 
        0007B8 FFFF FFFF FFFF FFFF
        0007BC FFFF FFFF FFFF FFFF
    26: .db 0xff, 0xff, 0xff, 0xff, 0xff, 0xff, 0xff, 0xff, 0xff, 0xff, 0xff, 0xff, 0xff, 0xff, 0xff, 0xff 
        0007C0 FFFF FFFF FFFF FFFF
        0007C4 FFFF FFFF FFFF FFFF
    27: .db 0xff, 0x3f, 0x03, 0x00, 0x00, 0x00, 0x00, 0x00, 0x00, 0x00, 0x03, 0x07, 0x07, 0x03, 0x01, 0x00 
        0007C8 3FFF 0003 0000 0000
        0007CC 0000 0703 0307 0001
    28: .db 0x00, 0x00, 0x80, 0xc0, 0xc0, 0xe0, 0xe0, 0xf0, 0xf0, 0xf8, 0xf8, 0xfc, 0xfc, 0xff, 0xff, 0xff
        0007D0 0000 C080 E0C0 F0E0
        0007D4 F8F0 FCF8 FFFC FFFF
    29: .db 0xff, 0xff, 0xff, 0xff, 0xff, 0xff, 0xff, 0xff, 0xff, 0xff, 0xff, 0xff, 0xff, 0xff, 0xff, 0xff
        0007D8 FFFF FFFF FFFF FFFF
        0007DC FFFF FFFF FFFF FFFF
    30: .db 0xff, 0x3f, 0x1f, 0x0f, 0x07, 0x07, 0x07, 0x0f, 0x0f, 0x3f, 0xff, 0xff, 0xff, 0xff, 0xff, 0xff
        0007E0 3FFF 0F1F 0707 0F07
        0007E4 3F0F FFFF FFFF FFFF
    31: .db 0xff, 0xff, 0xff, 0xff, 0xff, 0xff, 0xff, 0x3f, 0x1f, 0x0f, 0x07, 0x07, 0x07, 0x0f, 0x1f, 0x3f 
        0007E8 FFFF FFFF FFFF 3FFF
        0007EC 0F1F 0707 0F07 3F1F
    32: .db 0xff, 0xff, 0xff, 0xff, 0xff, 0xff, 0xff, 0xff, 0xff, 0xff, 0xff, 0xff, 0xff, 0x7f, 0x1f, 0x0f 
        0007F0 FFFF FFFF FFFF FFFF
        0007F4 FFFF FFFF 7FFF 0F1F
    33: .db 0x0f, 0x07, 0x07, 0x0f, 0x0f, 0x1f, 0x7f, 0xff, 0xff, 0xff, 0xff, 0xff, 0xff, 0xff, 0xff, 0xff 
        0007F8 070F 0F07 1F0F FF7F
        0007FC FFFF FFFF FFFF FFFF
    34: .db 0xff, 0xff, 0xff, 0x3f, 0x1f, 0x0f, 0x07, 0x07, 0x07, 0x0f, 0x1f, 0x3f, 0xff, 0xff, 0xff, 0xff 
        000800 FFFF 3FFF 0F1F 0707
        000804 0F07 3F1F FFFF FFFF
    35: .db 0xff, 0xfc, 0xc0, 0x00, 0x00, 0x00, 0x00, 0x00, 0x00, 0x00, 0x00, 0x00, 0x00, 0x00, 0x00, 0x00
        000808 FCFF 00C0 0000 0000
        00080C 0000 0000 0000 0000
    36: .db 0x00, 0x00, 0x01, 0x03, 0x07, 0x0f, 0x0f, 0x1f, 0x3f, 0x7f, 0xff, 0xff, 0xff, 0xff, 0xff, 0xff
        000810 0000 0301 0F07 1F0F
        000814 7F3F FFFF FFFF FFFF
    37: .db 0xff, 0xff, 0xff, 0xff, 0xff, 0xff, 0xff, 0xff, 0xff, 0xff, 0xff, 0xff, 0xff, 0xff, 0xff, 0xff
        000818 FFFF FFFF FFFF FFFF
        00081C FFFF FFFF FFFF FFFF
    38: .db 0xff, 0xfc, 0xf8, 0xf0, 0xe0, 0xe0, 0xe0, 0xf0, 0xf0, 0xfc, 0xff, 0xff, 0xff, 0xff, 0xff, 0xff 
        000820 FCFF F0F8 E0E0 F0E0
        000824 FCF0 FFFF FFFF FFFF
    39: .db 0xff, 0xff, 0xff, 0xff, 0xff, 0xff, 0xff, 0xfc, 0xf8, 0xf0, 0xe0, 0xe0, 0xe0, 0xf0, 0xf8, 0xfc 
        000828 FFFF FFFF FFFF FCFF
        00082C F0F8 E0E0 F0E0 FCF8
    40: .db 0xff, 0xff, 0xff, 0xff, 0xff, 0xff, 0xff, 0xff, 0xff, 0xff, 0xff, 0xff, 0xff, 0xfe, 0xf8, 0xf0 
        000830 FFFF FFFF FFFF FFFF
        000834 FFFF FFFF FEFF F0F8
    41: .db 0xf0, 0xe0, 0xe0, 0xf0, 0xf0, 0xf8, 0xfe, 0xff, 0xff, 0xff, 0xff, 0xff, 0xff, 0xff, 0xff, 0xff 
        000838 E0F0 F0E0 F8F0 FFFE
        00083C FFFF FFFF FFFF FFFF
    42: .db 0xff, 0xff, 0xff, 0xfc, 0xf8, 0xf0, 0xe0, 0xe0, 0xe0, 0xf0, 0xf8, 0xfc, 0xff, 0xff, 0xff, 0xff 
        000840 FFFF FCFF F0F8 E0E0
        000844 F0E0 FCF8 FFFF FFFF
    43: .db 0xff, 0xff, 0xff, 0xff, 0xfe, 0xfc, 0xf8, 0xf0, 0xe0, 0xe0, 0xc0, 0xc0, 0xc0, 0xc0, 0x80, 0x80 
        000848 FFFF FFFF FCFE F0F8
        00084C E0E0 C0C0 C0C0 8080
    44: .db 0x80, 0x80, 0xc0, 0xc0, 0xc0, 0xc0, 0xe0, 0xe0, 0xf0, 0xf8, 0xfc, 0xfe, 0xff, 0xff, 0xff, 0xff 
        000850 8080 C0C0 C0C0 E0E0
        000854 F8F0 FEFC FFFF FFFF
    45: .db 0xff, 0xff, 0xff, 0xff, 0xff, 0xff, 0xff, 0xff, 0xff, 0xff, 0xff, 0xff, 0xff, 0xff, 0xff, 0xff 
        000858 FFFF FFFF FFFF FFFF
        00085C FFFF FFFF FFFF FFFF
    46: .db 0xff, 0xff, 0xff, 0xff, 0xff, 0xff, 0xff, 0xff, 0xff, 0xff, 0xff, 0xff, 0xff, 0xff, 0xff, 0xff 
        000860 FFFF FFFF FFFF FFFF
        000864 FFFF FFFF FFFF FFFF
    47: .db 0xff, 0xff, 0xff, 0xff, 0xff, 0xff, 0xff, 0xff, 0xff, 0xff, 0xff, 0xff, 0xff, 0xff, 0xff, 0xff
        000868 FFFF FFFF FFFF FFFF
        00086C FFFF FFFF FFFF FFFF
    48: .db 0xff, 0xff, 0xff, 0xff, 0xff, 0xff, 0xff, 0xff, 0xff, 0xff, 0xff, 0xff, 0xff, 0xff, 0xff, 0xff
        000870 FFFF FFFF FFFF FFFF
        000874 FFFF FFFF FFFF FFFF
    49: .db 0xff, 0xff, 0xff, 0xff, 0xff, 0xff, 0xff, 0xff, 0xff, 0xff, 0xff, 0xff, 0xff, 0xff, 0xff, 0xff
        000878 FFFF FFFF FFFF FFFF
        00087C FFFF FFFF FFFF FFFF
    50: .db 0xff, 0xff, 0xff, 0xff, 0xff, 0xff, 0xff, 0xff, 0xff, 0xff, 0xff, 0xff, 0xff, 0xff, 0xff, 0xff
        000880 FFFF FFFF FFFF FFFF
        000884 FFFF FFFF FFFF FFFF
    51: .db 0xff, 0xff, 0xff, 0xff, 0xff, 0xff, 0xff, 0xff, 0xff, 0xff, 0xff, 0xff, 0xff, 0xff, 0xff, 0xff
        000888 FFFF FFFF FFFF FFFF
        00088C FFFF FFFF FFFF FFFF
    52: .db 0xff, 0xff, 0xff, 0xff, 0xff, 0xff, 0xff, 0xff, 0xff, 0xff, 0xff, 0xff, 0xff, 0xff, 0xff, 0xff
        000890 FFFF FFFF FFFF FFFF
        000894 FFFF FFFF FFFF FFFF
    53: .db 0xff, 0xff, 0xff, 0xff, 0xff, 0xff, 0xff, 0xff, 0xff, 0xff, 0xff, 0xff, 0xff, 0xff, 0xff, 0xff 
        000898 FFFF FFFF FFFF FFFF
        00089C FFFF FFFF FFFF FFFF
    54: .db 0xff, 0xff, 0xff, 0xff, 0xff, 0xff, 0xff, 0xff, 0xff, 0xff, 0xff, 0xff, 0xff, 0xff, 0xff, 0xff
        0008A0 FFFF FFFF FFFF FFFF
        0008A4 FFFF FFFF FFFF FFFF
    55: .db 0xff, 0xff, 0xff, 0xff, 0xff, 0xff, 0xff, 0xff, 0xff, 0xff, 0xff, 0xff, 0xff, 0xff, 0xff, 0xff
        0008A8 FFFF FFFF FFFF FFFF
        0008AC FFFF FFFF FFFF FFFF
    56: .db 0xff, 0xff, 0xff, 0xff, 0xff, 0xff, 0xff, 0xff, 0xff, 0xff, 0xff, 0xff, 0xff, 0xff, 0xff, 0xff 
        0008B0 FFFF FFFF FFFF FFFF
        0008B4 FFFF FFFF FFFF FFFF
    57: .db 0xff, 0xff, 0xff, 0xff, 0xff, 0xff, 0xff, 0xff, 0xff, 0xff, 0xff, 0xff, 0xff, 0xff, 0xff, 0xff 
        0008B8 FFFF FFFF FFFF FFFF
        0008BC FFFF FFFF FFFF FFFF
    58: .db 0xff, 0xff, 0xff, 0xff, 0xff, 0xff, 0xff, 0xff, 0xff, 0xff, 0xff, 0xff, 0xff, 0xff, 0xff, 0xff
        0008C0 FFFF FFFF FFFF FFFF
        0008C4 FFFF FFFF FFFF FFFF
    59: .db 0xff, 0xff, 0xff, 0xff, 0xff, 0xff, 0xff, 0xff, 0xff, 0xff, 0xff, 0xff, 0xff, 0xff, 0xff, 0xff
        0008C8 FFFF FFFF FFFF FFFF
        0008CC FFFF FFFF FFFF FFFF
    60: .db 0xff, 0xff, 0xff, 0xff, 0xff, 0xff, 0xff, 0xff, 0xff, 0xff, 0xff, 0xff, 0xff, 0xff, 0xff, 0xff 
        0008D0 FFFF FFFF FFFF FFFF
        0008D4 FFFF FFFF FFFF FFFF
    61: .db 0xff, 0xff, 0xff, 0xff, 0xff, 0xff, 0xff, 0xff, 0xff, 0xff, 0xff, 0xff, 0xff, 0xff, 0xff, 0xff 
        0008D8 FFFF FFFF FFFF FFFF
        0008DC FFFF FFFF FFFF FFFF
    62: .db 0xff, 0xff, 0xff, 0xff, 0xff, 0xff, 0xff, 0xff, 0xff, 0xff, 0xff, 0xff, 0xff, 0xff, 0xff, 0xff 
        0008E0 FFFF FFFF FFFF FFFF
        0008E4 FFFF FFFF FFFF FFFF
    63: .db 0xff, 0xff, 0xff, 0xff, 0xff, 0xff, 0xff, 0xff, 0xff, 0xff, 0xff, 0xff, 0xff, 0xff, 0xff, 0xff
        0008E8 FFFF FFFF FFFF FFFF
        0008EC FFFF FFFF FFFF FFFF
    64: .db 0xff, 0xff, 0xff, 0xff, 0xff, 0xff, 0xff, 0xff, 0xff, 0xff, 0xff, 0xff, 0xff, 0xff, 0xff, 0xff
        0008F0 FFFF FFFF FFFF FFFF
        0008F4 FFFF FFFF FFFF FFFF
    65: .db 0xff, 0xff, 0xff, 0xff, 0xff, 0xff, 0xff, 0xff, 0xff, 0xff, 0xff, 0xff, 0xff, 0xff, 0xff, 0xff
        0008F8 FFFF FFFF FFFF FFFF
        0008FC FFFF FFFF FFFF FFFF
    66: .db 0xff, 0xff, 0xff, 0xff, 0xff, 0xff, 0xff, 0xff, 0xff, 0xff, 0xff, 0xff, 0xff, 0xff, 0xff, 0xff
        000900 FFFF FFFF FFFF FFFF
        000904 FFFF FFFF FFFF FFFF
    67: .org 2800
    68: mario1:
    69: .db 0xff, 0xff, 0xff, 0xff, 0xff, 0xff, 0xff, 0xff, 0xff, 0xff, 0xff, 0xff, 0xff, 0xff, 0xff, 0xff 
        000AF0 FFFF FFFF FFFF FFFF
        000AF4 FFFF FFFF FFFF FFFF
    70: .db 0xff, 0xff, 0xff, 0xff, 0xff, 0xff, 0xff, 0xff, 0xff, 0xff, 0xff, 0xff, 0xff, 0xff, 0xff, 0xff
        000AF8 FFFF FFFF FFFF FFFF
        000AFC FFFF FFFF FFFF FFFF
    71: .db 0xff, 0xff, 0xff, 0xff, 0xff, 0xff, 0xff, 0xff, 0xff, 0xff, 0xff, 0xff, 0xff, 0xff, 0xff, 0xff
        000B00 FFFF FFFF FFFF FFFF
        000B04 FFFF FFFF FFFF FFFF
    72: .db 0xff, 0xff, 0xff, 0xff, 0xff, 0xff, 0xff, 0xff, 0xff, 0xff, 0xff, 0xff, 0xff, 0xff, 0xff, 0xff
        000B08 FFFF FFFF FFFF FFFF
        000B0C FFFF FFFF FFFF FFFF
    73: .db 0xff, 0xff, 0xff, 0xff, 0xff, 0xff, 0xff, 0xff, 0xff, 0xff, 0xff, 0xff, 0xff, 0xff, 0xff, 0xff
        000B10 FFFF FFFF FFFF FFFF
        000B14 FFFF FFFF FFFF FFFF
    74: .db 0xff, 0xff, 0xff, 0xff, 0xff, 0xff, 0xff, 0xff, 0xff, 0xff, 0xff, 0xff, 0xff, 0xff, 0xff, 0xff
        000B18 FFFF FFFF FFFF FFFF
        000B1C FFFF FFFF FFFF FFFF
    75: .db 0xff, 0xff, 0xff, 0xff, 0xff, 0xff, 0xff, 0xff, 0xff, 0xff, 0xff, 0xff, 0xff, 0xff, 0xff, 0xff
        000B20 FFFF FFFF FFFF FFFF
        000B24 FFFF FFFF FFFF FFFF
    76: .db 0xff, 0xff, 0xff, 0xff, 0xff, 0xff, 0xff, 0xff, 0xff, 0xff, 0xff, 0xff, 0xff, 0xff, 0xff, 0xff 
        000B28 FFFF FFFF FFFF FFFF
        000B2C FFFF FFFF FFFF FFFF
    77: .db 0xff, 0xff, 0xff, 0xff, 0xff, 0xff, 0xff, 0xff, 0xff, 0xff, 0xff, 0xff, 0xff, 0xff, 0xff, 0xff
        000B30 FFFF FFFF FFFF FFFF
        000B34 FFFF FFFF FFFF FFFF
    78: .db 0xff, 0xff, 0xff, 0xff, 0xff, 0xff, 0xff, 0xff, 0xff, 0xff, 0xff, 0xff, 0xff, 0xff, 0xff, 0xff
        000B38 FFFF FFFF FFFF FFFF
        000B3C FFFF FFFF FFFF FFFF
    79: .db 0xff, 0xff, 0xff, 0xff, 0xff, 0xff, 0xff, 0xff, 0xff, 0xff, 0xff, 0xff, 0xff, 0xff, 0xff, 0xff
        000B40 FFFF FFFF FFFF FFFF
        000B44 FFFF FFFF FFFF FFFF
    80: .db 0xff, 0xff, 0xff, 0xff, 0xff, 0xff, 0xff, 0xff, 0xff, 0xff, 0xff, 0xff, 0xff, 0xff, 0xff, 0xff
        000B48 FFFF FFFF FFFF FFFF
        000B4C FFFF FFFF FFFF FFFF
    81: .db 0xff, 0xff, 0xff, 0xff, 0xff, 0xff, 0xff, 0xff, 0xff, 0xff, 0xff, 0xff, 0xff, 0xff, 0xff, 0xff
        000B50 FFFF FFFF FFFF FFFF
        000B54 FFFF FFFF FFFF FFFF
    82: .db 0xff, 0xff, 0xff, 0xff, 0xff, 0xff, 0xff, 0xff, 0xff, 0xff, 0xff, 0xff, 0xff, 0xff, 0xff, 0xff
        000B58 FFFF FFFF FFFF FFFF
        000B5C FFFF FFFF FFFF FFFF
    83: .db 0xff, 0xff, 0xff, 0xff, 0xff, 0xff, 0xff, 0xff, 0xff, 0xff, 0xff, 0xff, 0xff, 0xff, 0xff, 0xff
        000B60 FFFF FFFF FFFF FFFF
        000B64 FFFF FFFF FFFF FFFF
    84: .db 0xff, 0xff, 0xff, 0xff, 0xff, 0xff, 0xff, 0xff, 0xff, 0xff, 0xff, 0xff, 0xff, 0xff, 0xff, 0xff
        000B68 FFFF FFFF FFFF FFFF
        000B6C FFFF FFFF FFFF FFFF
    85: .db 0xff, 0xff, 0xff, 0xff, 0xff, 0xff, 0xff, 0xff, 0xff, 0xff, 0xff, 0xff, 0xff, 0xff, 0xff, 0xff
        000B70 FFFF FFFF FFFF FFFF
        000B74 FFFF FFFF FFFF FFFF
    86: .db 0xff, 0xff, 0xff, 0xff, 0x7f, 0x3f, 0x1f, 0x8f, 0xc7, 0xc7, 0x83, 0x03, 0x03, 0x03, 0x01, 0x01
        000B78 FFFF FFFF 3F7F 8F1F
        000B7C C7C7 0383 0303 0101
    87: .db 0x01, 0x01, 0x03, 0x03, 0x03, 0x03, 0x07, 0x07, 0x8f, 0x9f, 0xff, 0xff, 0xff, 0xff, 0xff, 0xff
        000B80 0101 0303 0303 0707
        000B84 9F8F FFFF FFFF FFFF
    88: .db 0xff, 0xff, 0xff, 0xff, 0xff, 0xff, 0xff, 0xff, 0xff, 0xff, 0xff, 0xff, 0xff, 0xff, 0xff, 0xff
        000B88 FFFF FFFF FFFF FFFF
        000B8C FFFF FFFF FFFF FFFF
    89: .db 0xff, 0xff, 0xff, 0xff, 0xff, 0xff, 0xff, 0xff, 0xff, 0xff, 0xff, 0xff, 0xff, 0xff, 0xff, 0xff
        000B90 FFFF FFFF FFFF FFFF
        000B94 FFFF FFFF FFFF FFFF
    90: .db 0xff, 0xff, 0xff, 0xff, 0xff, 0xff, 0xff, 0xff, 0xff, 0xff, 0xff, 0xff, 0xff, 0xff, 0xff, 0xff
        000B98 FFFF FFFF FFFF FFFF
        000B9C FFFF FFFF FFFF FFFF
    91: .db 0xff, 0xff, 0xff, 0xff, 0xff, 0xff, 0xff, 0xff, 0xff, 0xff, 0xff, 0xff, 0xff, 0xff, 0xff, 0xff
        000BA0 FFFF FFFF FFFF FFFF
        000BA4 FFFF FFFF FFFF FFFF
    92: .db 0xff, 0xff, 0xff, 0xff, 0xff, 0xff, 0xff, 0xff, 0xff, 0xff, 0xff, 0xff, 0xff, 0xff, 0xff, 0xff
        000BA8 FFFF FFFF FFFF FFFF
        000BAC FFFF FFFF FFFF FFFF
    93: .db 0xff, 0xff, 0xff, 0xff, 0xff, 0xff, 0xff, 0xff, 0xff, 0xff, 0xff, 0xff, 0xff, 0xff, 0xff, 0xff
        000BB0 FFFF FFFF FFFF FFFF
        000BB4 FFFF FFFF FFFF FFFF
    94: .db 0xff, 0x3f, 0x03, 0x00, 0x00, 0x00, 0x03, 0x07, 0x0f, 0x0f, 0x07, 0x00, 0x00, 0x00, 0x80, 0xc0
        000BB8 3FFF 0003 0000 0703
        000BBC 0F0F 0007 0000 C080
    95: .db 0xe0, 0xe0, 0xf0, 0xf8, 0xf8, 0xfc, 0xfe, 0xff, 0xff, 0xff, 0xff, 0xff, 0xff, 0xff, 0xff, 0xff
        000BC0 E0E0 F8F0 FCF8 FFFE
        000BC4 FFFF FFFF FFFF FFFF
    96: .db 0xff, 0x3f, 0x1f, 0x0f, 0x07, 0x07, 0x07, 0x0f, 0x0f, 0x3f, 0xff, 0xff, 0xff, 0xff, 0xff, 0xff
        000BC8 3FFF 0F1F 0707 0F07
        000BCC 3F0F FFFF FFFF FFFF
    97: .db 0xff, 0xff, 0xff, 0xff, 0xff, 0xff, 0xff, 0x3f, 0x1f, 0x0f, 0x07, 0x07, 0x07, 0x0f, 0x1f, 0x3f
        000BD0 FFFF FFFF FFFF 3FFF
        000BD4 0F1F 0707 0F07 3F1F
    98: .db 0xff, 0xff, 0xff, 0xff, 0xff, 0xff, 0xff, 0xff, 0xff, 0xff, 0xff, 0xff, 0xff, 0x7f, 0x1f, 0x0f 
        000BD8 FFFF FFFF FFFF FFFF
        000BDC FFFF FFFF 7FFF 0F1F
    99: .db 0x0f, 0x07, 0x07, 0x0f, 0x0f, 0x1f, 0x7f, 0xff, 0xff, 0xff, 0xff, 0xff, 0xff, 0xff, 0xff, 0xff
        000BE0 070F 0F07 1F0F FF7F
        000BE4 FFFF FFFF FFFF FFFF
   100: .db 0xff, 0xff, 0xff, 0x3f, 0x1f, 0x0f, 0x07, 0x07, 0x07, 0x0f, 0x1f, 0x3f, 0xff, 0xff, 0xff, 0xff
        000BE8 FFFF 3FFF 0F1F 0707
        000BEC 0F07 3F1F FFFF FFFF
   101: .db 0xff, 0xff, 0xff, 0xff, 0xff, 0xff, 0xff, 0xff, 0xff, 0xff, 0xff, 0xff, 0xff, 0xff, 0xff, 0xff
        000BF0 FFFF FFFF FFFF FFFF
        000BF4 FFFF FFFF FFFF FFFF
   102: .db 0xff, 0xfc, 0xc0, 0x00, 0x00, 0x00, 0x00, 0x00, 0x00, 0x00, 0x00, 0x00, 0x00, 0x00, 0x01, 0x03
        000BF8 FCFF 00C0 0000 0000
        000BFC 0000 0000 0000 0301
   103: .db 0x07, 0x0f, 0x3f, 0x3f, 0x7f, 0xff, 0xff, 0xff, 0xff, 0xff, 0xff, 0xff, 0xff, 0xff, 0xff, 0xff
        000C00 0F07 3F3F FF7F FFFF
        000C04 FFFF FFFF FFFF FFFF
   104: .db 0xff, 0xfc, 0xf8, 0xf0, 0xe0, 0xe0, 0xe0, 0xf0, 0xf0, 0xfc, 0xff, 0xff, 0xff, 0xff, 0xff, 0xff
        000C08 FCFF F0F8 E0E0 F0E0
        000C0C FCF0 FFFF FFFF FFFF
   105: .db 0xff, 0xff, 0xff, 0xff, 0xff, 0xff, 0xff, 0xfc, 0xf8, 0xf0, 0xe0, 0xe0, 0xe0, 0xf0, 0xf8, 0xfc
        000C10 FFFF FFFF FFFF FCFF
        000C14 F0F8 E0E0 F0E0 FCF8
   106: .db 0xff, 0xff, 0xff, 0xff, 0xff, 0xff, 0xff, 0xff, 0xff, 0xff, 0xff, 0xff, 0xff, 0xfe, 0xf8, 0xf0
        000C18 FFFF FFFF FFFF FFFF
        000C1C FFFF FFFF FEFF F0F8
   107: .db 0xf0, 0xe0, 0xe0, 0xf0, 0xf0, 0xf8, 0xfe, 0xff, 0xff, 0xff, 0xff, 0xff, 0xff, 0xff, 0xff, 0xff
        000C20 E0F0 F0E0 F8F0 FFFE
        000C24 FFFF FFFF FFFF FFFF
   108: .db 0xff, 0xff, 0xff, 0xfc, 0xf8, 0xf0, 0xe0, 0xe0, 0xe0, 0xf0, 0xf8, 0xfc, 0xff, 0xff, 0xff, 0xff 
        000C28 FFFF FCFF F0F8 E0E0
        000C2C F0E0 FCF8 FFFF FFFF
   109: .db 0xff, 0xff, 0xff, 0xff, 0xff, 0xff, 0xff, 0xff, 0xff, 0xff, 0xff, 0xff, 0xff, 0xff, 0xff, 0xff
        000C30 FFFF FFFF FFFF FFFF
        000C34 FFFF FFFF FFFF FFFF
   110: .db 0xff, 0xff, 0xff, 0xff, 0xfe, 0xfc, 0xf8, 0xf0, 0xe0, 0xe0, 0xc0, 0xc0, 0xc0, 0xc0, 0x80, 0x80 
        000C38 FFFF FFFF FCFE F0F8
        000C3C E0E0 C0C0 C0C0 8080
   111: .db 0x80, 0x80, 0xc0, 0xc0, 0xc0, 0xc0, 0xe1, 0xe3, 0xff, 0xff, 0xff, 0xff, 0xff, 0xff, 0xff, 0xff
        000C40 8080 C0C0 C0C0 E3E1
        000C44 FFFF FFFF FFFF FFFF
   112: .db 0xff, 0xff, 0xff, 0xff, 0xff, 0xff, 0xff, 0xff, 0xff, 0xff, 0xff, 0xff, 0xff, 0xff, 0xff, 0xff 
        000C48 FFFF FFFF FFFF FFFF
        000C4C FFFF FFFF FFFF FFFF
   113: .db 0xff, 0xff, 0xff, 0xff, 0xff, 0xff, 0xff, 0xff, 0xff, 0xff, 0xff, 0xff, 0xff, 0xff, 0xff, 0xff 
        000C50 FFFF FFFF FFFF FFFF
        000C54 FFFF FFFF FFFF FFFF
   114: .db 0xff, 0xff, 0xff, 0xff, 0xff, 0xff, 0xff, 0xff, 0xff, 0xff, 0xff, 0xff, 0xff, 0xff, 0xff, 0xff
        000C58 FFFF FFFF FFFF FFFF
        000C5C FFFF FFFF FFFF FFFF
   115: .db 0xff, 0xff, 0xff, 0xff, 0xff, 0xff, 0xff, 0xff, 0xff, 0xff, 0xff, 0xff, 0xff, 0xff, 0xff, 0xff
        000C60 FFFF FFFF FFFF FFFF
        000C64 FFFF FFFF FFFF FFFF
   116: .db 0xff, 0xff, 0xff, 0xff, 0xff, 0xff, 0xff, 0xff, 0xff, 0xff, 0xff, 0xff, 0xff, 0xff, 0xff, 0xff
        000C68 FFFF FFFF FFFF FFFF
        000C6C FFFF FFFF FFFF FFFF
   117: .db 0xff, 0xff, 0xff, 0xff, 0xff, 0xff, 0xff, 0xff, 0xff, 0xff, 0xff, 0xff, 0xff, 0xff, 0xff, 0xff
        000C70 FFFF FFFF FFFF FFFF
        000C74 FFFF FFFF FFFF FFFF
   118: .db 0xff, 0xff, 0xff, 0xff, 0xff, 0xff, 0xff, 0xff, 0xff, 0xff, 0xff, 0xff, 0xff, 0xff, 0xff, 0xff
        000C78 FFFF FFFF FFFF FFFF
        000C7C FFFF FFFF FFFF FFFF
   119: .db 0xff, 0xff, 0xff, 0xff, 0xff, 0xff, 0xff, 0xff, 0xff, 0xff, 0xff, 0xff, 0xff, 0xff, 0xff, 0xff
        000C80 FFFF FFFF FFFF FFFF
        000C84 FFFF FFFF FFFF FFFF
   120: .db 0xff, 0xff, 0xff, 0xff, 0xff, 0xff, 0xff, 0xff, 0xff, 0xff, 0xff, 0xff, 0xff, 0xff, 0xff, 0xff
        000C88 FFFF FFFF FFFF FFFF
        000C8C FFFF FFFF FFFF FFFF
   121: .db 0xff, 0xff, 0xff, 0xff, 0xff, 0xff, 0xff, 0xff, 0xff, 0xff, 0xff, 0xff, 0xff, 0xff, 0xff, 0xff
        000C90 FFFF FFFF FFFF FFFF
        000C94 FFFF FFFF FFFF FFFF
   122: .db 0xff, 0xff, 0xff, 0xff, 0xff, 0xff, 0xff, 0xff, 0xff, 0xff, 0xff, 0xff, 0xff, 0xff, 0xff, 0xff
        000C98 FFFF FFFF FFFF FFFF
        000C9C FFFF FFFF FFFF FFFF
   123: .db 0xff, 0xff, 0xff, 0xff, 0xff, 0xff, 0xff, 0xff, 0xff, 0xff, 0xff, 0xff, 0xff, 0xff, 0xff, 0xff
        000CA0 FFFF FFFF FFFF FFFF
        000CA4 FFFF FFFF FFFF FFFF
   124: .db 0xff, 0xff, 0xff, 0xff, 0xff, 0xff, 0xff, 0xff, 0xff, 0xff, 0xff, 0xff, 0xff, 0xff, 0xff, 0xff
        000CA8 FFFF FFFF FFFF FFFF
        000CAC FFFF FFFF FFFF FFFF
   125: .db 0xff, 0xff, 0xff, 0xff, 0xff, 0xff, 0xff, 0xff, 0xff, 0xff, 0xff, 0xff, 0xff, 0xff, 0xff, 0xff
        000CB0 FFFF FFFF FFFF FFFF
        000CB4 FFFF FFFF FFFF FFFF
   126: .db 0xff, 0xff, 0xff, 0xff, 0xff, 0xff, 0xff, 0xff, 0xff, 0xff, 0xff, 0xff, 0xff, 0xff, 0xff, 0xff
        000CB8 FFFF FFFF FFFF FFFF
        000CBC FFFF FFFF FFFF FFFF
   127: .db 0xff, 0xff, 0xff, 0xff, 0xff, 0xff, 0xff, 0xff, 0xff, 0xff, 0xff, 0xff, 0xff, 0xff, 0xff, 0xff
        000CC0 FFFF FFFF FFFF FFFF
        000CC4 FFFF FFFF FFFF FFFF
   128: .db 0xff, 0xff, 0xff, 0xff, 0xff, 0xff, 0xff, 0xff, 0xff, 0xff, 0xff, 0xff, 0xff, 0xff, 0xff, 0xff
        000CC8 FFFF FFFF FFFF FFFF
        000CCC FFFF FFFF FFFF FFFF
   129: .db 0xff, 0xff, 0xff, 0xff, 0xff, 0xff, 0xff, 0xff, 0xff, 0xff, 0xff, 0xff, 0xff, 0xff, 0xff, 0xff
        000CD0 FFFF FFFF FFFF FFFF
        000CD4 FFFF FFFF FFFF FFFF
   130: .db 0xff, 0xff, 0xff, 0xff, 0xff, 0xff, 0xff, 0xff, 0xff, 0xff, 0xff, 0xff, 0xff, 0xff, 0xff, 0xff
        000CD8 FFFF FFFF FFFF FFFF
        000CDC FFFF FFFF FFFF FFFF
   131: .db 0xff, 0xff, 0xff, 0xff, 0xff, 0xff, 0xff, 0xff, 0xff, 0xff, 0xff, 0xff, 0xff, 0xff, 0xff, 0xff
        000CE0 FFFF FFFF FFFF FFFF
        000CE4 FFFF FFFF FFFF FFFF
   132: .db 0xff, 0xff, 0xf0, 0xff, 0xff, 0xff, 0xff, 0xff, 0xff, 0xff, 0xff, 0xff, 0xff, 0xff, 0xff, 0xff
        000CE8 FFFF FFF0 FFFF FFFF
        000CEC FFFF FFFF FFFF FFFF
   133: array:
   134: .dw mario1, mario
        000CF0 0AF0 0708
  Continuing file main.asm
 -> Warning 001: 4 symbol(s) defined, but not used!

Program             :      487 words.
Constants           :     1026 words.
Total program memory:     1513 words.
Eeprom space        :        0 bytes.
Data segment        :        0 bytes.
Compilation completed, no errors.
Compilation ended 23.05.2021, 15:14:37
